// Jest Snapshot v1, https://goo.gl/fbAQLP

exports[`Map Data from React Performance Data Returns an object containing information about the component measure 1`] = `
Array [
  Object {
    "componentDidMount": Object {
      "averageTimeSpentMs": "1.22",
      "numberOfTimes": 1,
      "totalTimeSpentMs": 1.22,
    },
    "componentDidUpdate": Object {
      "averageTimeSpentMs": "-",
      "numberOfTimes": 0,
      "totalTimeSpentMs": 0,
    },
    "componentName": "App",
    "componentWillMount": Object {
      "averageTimeSpentMs": "3.15",
      "numberOfTimes": 1,
      "totalTimeSpentMs": 3.15,
    },
    "componentWillReceiveProps": Object {
      "averageTimeSpentMs": "-",
      "numberOfTimes": 0,
      "totalTimeSpentMs": 0,
    },
    "componentWillUnmount": Object {
      "averageTimeSpentMs": "-",
      "numberOfTimes": 0,
      "totalTimeSpentMs": 0,
    },
    "componentWillUpdate": Object {
      "averageTimeSpentMs": "-",
      "numberOfTimes": 0,
      "totalTimeSpentMs": 0,
    },
    "mount": Object {
      "averageTimeSpentMs": "58.60",
      "numberOfTimes": 1,
      "totalTimeSpentMs": 58.6,
    },
    "numberOfInstances": 1,
    "percentTimeSpent": "34%",
    "render": Object {
      "averageTimeSpentMs": "-",
      "numberOfTimes": 0,
      "totalTimeSpentMs": 0,
    },
    "shouldComponentUpdate": Object {
      "averageTimeSpentMs": "-",
      "numberOfTimes": 0,
      "totalTimeSpentMs": 0,
    },
    "totalTimeSpent": 62.97,
    "unmount": Object {
      "averageTimeSpentMs": "-",
      "numberOfTimes": 0,
      "totalTimeSpentMs": 0,
    },
    "update": Object {
      "averageTimeSpentMs": "-",
      "numberOfTimes": 0,
      "totalTimeSpentMs": 0,
    },
  },
  Object {
    "componentDidMount": Object {
      "averageTimeSpentMs": "1.67",
      "numberOfTimes": 1,
      "totalTimeSpentMs": 1.67,
    },
    "componentDidUpdate": Object {
      "averageTimeSpentMs": "-",
      "numberOfTimes": 0,
      "totalTimeSpentMs": 0,
    },
    "componentName": "Main",
    "componentWillMount": Object {
      "averageTimeSpentMs": "2.20",
      "numberOfTimes": 1,
      "totalTimeSpentMs": 2.2,
    },
    "componentWillReceiveProps": Object {
      "averageTimeSpentMs": "-",
      "numberOfTimes": 0,
      "totalTimeSpentMs": 0,
    },
    "componentWillUnmount": Object {
      "averageTimeSpentMs": "-",
      "numberOfTimes": 0,
      "totalTimeSpentMs": 0,
    },
    "componentWillUpdate": Object {
      "averageTimeSpentMs": "-",
      "numberOfTimes": 0,
      "totalTimeSpentMs": 0,
    },
    "mount": Object {
      "averageTimeSpentMs": "53.05",
      "numberOfTimes": 1,
      "totalTimeSpentMs": 53.05,
    },
    "numberOfInstances": 1,
    "percentTimeSpent": "30%",
    "render": Object {
      "averageTimeSpentMs": "-",
      "numberOfTimes": 0,
      "totalTimeSpentMs": 0,
    },
    "shouldComponentUpdate": Object {
      "averageTimeSpentMs": "-",
      "numberOfTimes": 0,
      "totalTimeSpentMs": 0,
    },
    "totalTimeSpent": 56.92,
    "unmount": Object {
      "averageTimeSpentMs": "-",
      "numberOfTimes": 0,
      "totalTimeSpentMs": 0,
    },
    "update": Object {
      "averageTimeSpentMs": "-",
      "numberOfTimes": 0,
      "totalTimeSpentMs": 0,
    },
  },
  Object {
    "componentDidMount": Object {
      "averageTimeSpentMs": "0.20",
      "numberOfTimes": 1,
      "totalTimeSpentMs": 0.2,
    },
    "componentDidUpdate": Object {
      "averageTimeSpentMs": "-",
      "numberOfTimes": 0,
      "totalTimeSpentMs": 0,
    },
    "componentName": "Projects",
    "componentWillMount": Object {
      "averageTimeSpentMs": "4.04",
      "numberOfTimes": 1,
      "totalTimeSpentMs": 4.04,
    },
    "componentWillReceiveProps": Object {
      "averageTimeSpentMs": "-",
      "numberOfTimes": 0,
      "totalTimeSpentMs": 0,
    },
    "componentWillUnmount": Object {
      "averageTimeSpentMs": "-",
      "numberOfTimes": 0,
      "totalTimeSpentMs": 0,
    },
    "componentWillUpdate": Object {
      "averageTimeSpentMs": "-",
      "numberOfTimes": 0,
      "totalTimeSpentMs": 0,
    },
    "mount": Object {
      "averageTimeSpentMs": "17.34",
      "numberOfTimes": 1,
      "totalTimeSpentMs": 17.34,
    },
    "numberOfInstances": 1,
    "percentTimeSpent": "15%",
    "render": Object {
      "averageTimeSpentMs": "-",
      "numberOfTimes": 0,
      "totalTimeSpentMs": 0,
    },
    "shouldComponentUpdate": Object {
      "averageTimeSpentMs": "-",
      "numberOfTimes": 0,
      "totalTimeSpentMs": 0,
    },
    "totalTimeSpent": 28.679999999999996,
    "unmount": Object {
      "averageTimeSpentMs": "-",
      "numberOfTimes": 0,
      "totalTimeSpentMs": 0,
    },
    "update": Object {
      "averageTimeSpentMs": "7.10",
      "numberOfTimes": 1,
      "totalTimeSpentMs": 7.1,
    },
  },
  Object {
    "componentDidMount": Object {
      "averageTimeSpentMs": "0.51",
      "numberOfTimes": 1,
      "totalTimeSpentMs": 0.51,
    },
    "componentDidUpdate": Object {
      "averageTimeSpentMs": "0.85",
      "numberOfTimes": 1,
      "totalTimeSpentMs": 0.85,
    },
    "componentName": "Introduction",
    "componentWillMount": Object {
      "averageTimeSpentMs": "0.80",
      "numberOfTimes": 1,
      "totalTimeSpentMs": 0.8,
    },
    "componentWillReceiveProps": Object {
      "averageTimeSpentMs": "-",
      "numberOfTimes": 0,
      "totalTimeSpentMs": 0,
    },
    "componentWillUnmount": Object {
      "averageTimeSpentMs": "-",
      "numberOfTimes": 0,
      "totalTimeSpentMs": 0,
    },
    "componentWillUpdate": Object {
      "averageTimeSpentMs": "-",
      "numberOfTimes": 0,
      "totalTimeSpentMs": 0,
    },
    "mount": Object {
      "averageTimeSpentMs": "14.26",
      "numberOfTimes": 1,
      "totalTimeSpentMs": 14.26,
    },
    "numberOfInstances": 1,
    "percentTimeSpent": "10%",
    "render": Object {
      "averageTimeSpentMs": "-",
      "numberOfTimes": 0,
      "totalTimeSpentMs": 0,
    },
    "shouldComponentUpdate": Object {
      "averageTimeSpentMs": "-",
      "numberOfTimes": 0,
      "totalTimeSpentMs": 0,
    },
    "totalTimeSpent": 18.330000000000002,
    "unmount": Object {
      "averageTimeSpentMs": "-",
      "numberOfTimes": 0,
      "totalTimeSpentMs": 0,
    },
    "update": Object {
      "averageTimeSpentMs": "1.91",
      "numberOfTimes": 1,
      "totalTimeSpentMs": 1.91,
    },
  },
  Object {
    "componentDidMount": Object {
      "averageTimeSpentMs": "0.89",
      "numberOfTimes": 1,
      "totalTimeSpentMs": 0.89,
    },
    "componentDidUpdate": Object {
      "averageTimeSpentMs": "-",
      "numberOfTimes": 0,
      "totalTimeSpentMs": 0,
    },
    "componentName": "Message",
    "componentWillMount": Object {
      "averageTimeSpentMs": "1.23",
      "numberOfTimes": 1,
      "totalTimeSpentMs": 1.23,
    },
    "componentWillReceiveProps": Object {
      "averageTimeSpentMs": "-",
      "numberOfTimes": 0,
      "totalTimeSpentMs": 0,
    },
    "componentWillUnmount": Object {
      "averageTimeSpentMs": "-",
      "numberOfTimes": 0,
      "totalTimeSpentMs": 0,
    },
    "componentWillUpdate": Object {
      "averageTimeSpentMs": "-",
      "numberOfTimes": 0,
      "totalTimeSpentMs": 0,
    },
    "mount": Object {
      "averageTimeSpentMs": "8.74",
      "numberOfTimes": 1,
      "totalTimeSpentMs": 8.74,
    },
    "numberOfInstances": 1,
    "percentTimeSpent": "6%",
    "render": Object {
      "averageTimeSpentMs": "-",
      "numberOfTimes": 0,
      "totalTimeSpentMs": 0,
    },
    "shouldComponentUpdate": Object {
      "averageTimeSpentMs": "-",
      "numberOfTimes": 0,
      "totalTimeSpentMs": 0,
    },
    "totalTimeSpent": 10.860000000000001,
    "unmount": Object {
      "averageTimeSpentMs": "-",
      "numberOfTimes": 0,
      "totalTimeSpentMs": 0,
    },
    "update": Object {
      "averageTimeSpentMs": "-",
      "numberOfTimes": 0,
      "totalTimeSpentMs": 0,
    },
  },
  Object {
    "componentDidMount": Object {
      "averageTimeSpentMs": "2.07",
      "numberOfTimes": 1,
      "totalTimeSpentMs": 2.07,
    },
    "componentDidUpdate": Object {
      "averageTimeSpentMs": "-",
      "numberOfTimes": 0,
      "totalTimeSpentMs": 0,
    },
    "componentName": "Posts",
    "componentWillMount": Object {
      "averageTimeSpentMs": "1.60",
      "numberOfTimes": 1,
      "totalTimeSpentMs": 1.6,
    },
    "componentWillReceiveProps": Object {
      "averageTimeSpentMs": "-",
      "numberOfTimes": 0,
      "totalTimeSpentMs": 0,
    },
    "componentWillUnmount": Object {
      "averageTimeSpentMs": "-",
      "numberOfTimes": 0,
      "totalTimeSpentMs": 0,
    },
    "componentWillUpdate": Object {
      "averageTimeSpentMs": "-",
      "numberOfTimes": 0,
      "totalTimeSpentMs": 0,
    },
    "mount": Object {
      "averageTimeSpentMs": "6.54",
      "numberOfTimes": 1,
      "totalTimeSpentMs": 6.54,
    },
    "numberOfInstances": 1,
    "percentTimeSpent": "5%",
    "render": Object {
      "averageTimeSpentMs": "-",
      "numberOfTimes": 0,
      "totalTimeSpentMs": 0,
    },
    "shouldComponentUpdate": Object {
      "averageTimeSpentMs": "-",
      "numberOfTimes": 0,
      "totalTimeSpentMs": 0,
    },
    "totalTimeSpent": 10.21,
    "unmount": Object {
      "averageTimeSpentMs": "-",
      "numberOfTimes": 0,
      "totalTimeSpentMs": 0,
    },
    "update": Object {
      "averageTimeSpentMs": "-",
      "numberOfTimes": 0,
      "totalTimeSpentMs": 0,
    },
  },
]
`;
