// Jest Snapshot v1, https://goo.gl/fbAQLP

exports[`React Performance Data Parse component name and phase name 1`] = `
Object {
  "App": Object {
    "componentDidMount": Object {
      "timeSpent": Array [
        0.9200000000000159,
      ],
    },
    "componentDidUpdate": Object {
      "timeSpent": Array [],
    },
    "componentWillMount": Object {
      "timeSpent": Array [
        3.0249999999999773,
      ],
    },
    "componentWillReceiveProps": Object {
      "timeSpent": Array [],
    },
    "componentWillUnmount": Object {
      "timeSpent": Array [],
    },
    "componentWillUpdate": Object {
      "timeSpent": Array [],
    },
    "mount": Object {
      "timeSpent": Array [
        36.875,
      ],
    },
    "render": Object {
      "timeSpent": Array [],
    },
    "shouldComponentUpdate": Object {
      "timeSpent": Array [],
    },
    "unmount": Object {
      "timeSpent": Array [],
    },
    "update": Object {
      "timeSpent": Array [],
    },
  },
  "Introduction": Object {
    "componentDidMount": Object {
      "timeSpent": Array [
        0.4600000000000364,
      ],
    },
    "componentDidUpdate": Object {
      "timeSpent": Array [
        0.8100000000000023,
      ],
    },
    "componentWillMount": Object {
      "timeSpent": Array [
        0.8350000000000364,
      ],
    },
    "componentWillReceiveProps": Object {
      "timeSpent": Array [],
    },
    "componentWillUnmount": Object {
      "timeSpent": Array [],
    },
    "componentWillUpdate": Object {
      "timeSpent": Array [],
    },
    "mount": Object {
      "timeSpent": Array [
        11.33499999999998,
      ],
    },
    "render": Object {
      "timeSpent": Array [],
    },
    "shouldComponentUpdate": Object {
      "timeSpent": Array [],
    },
    "unmount": Object {
      "timeSpent": Array [],
    },
    "update": Object {
      "timeSpent": Array [
        2.8349999999999795,
      ],
    },
  },
  "Main": Object {
    "componentDidMount": Object {
      "timeSpent": Array [
        0.8099999999999454,
      ],
    },
    "componentDidUpdate": Object {
      "timeSpent": Array [],
    },
    "componentWillMount": Object {
      "timeSpent": Array [
        0.875,
      ],
    },
    "componentWillReceiveProps": Object {
      "timeSpent": Array [],
    },
    "componentWillUnmount": Object {
      "timeSpent": Array [],
    },
    "componentWillUpdate": Object {
      "timeSpent": Array [],
    },
    "mount": Object {
      "timeSpent": Array [
        31.350000000000023,
      ],
    },
    "render": Object {
      "timeSpent": Array [],
    },
    "shouldComponentUpdate": Object {
      "timeSpent": Array [],
    },
    "unmount": Object {
      "timeSpent": Array [],
    },
    "update": Object {
      "timeSpent": Array [],
    },
  },
  "Message": Object {
    "componentDidMount": Object {
      "timeSpent": Array [
        0.55499999999995,
      ],
    },
    "componentDidUpdate": Object {
      "timeSpent": Array [],
    },
    "componentWillMount": Object {
      "timeSpent": Array [
        0.6700000000000159,
      ],
    },
    "componentWillReceiveProps": Object {
      "timeSpent": Array [],
    },
    "componentWillUnmount": Object {
      "timeSpent": Array [],
    },
    "componentWillUpdate": Object {
      "timeSpent": Array [],
    },
    "mount": Object {
      "timeSpent": Array [
        3.4149999999999636,
      ],
    },
    "render": Object {
      "timeSpent": Array [],
    },
    "shouldComponentUpdate": Object {
      "timeSpent": Array [],
    },
    "unmount": Object {
      "timeSpent": Array [],
    },
    "update": Object {
      "timeSpent": Array [],
    },
  },
  "Posts": Object {
    "componentDidMount": Object {
      "timeSpent": Array [
        0.8250000000000455,
      ],
    },
    "componentDidUpdate": Object {
      "timeSpent": Array [],
    },
    "componentWillMount": Object {
      "timeSpent": Array [
        1.1050000000000182,
      ],
    },
    "componentWillReceiveProps": Object {
      "timeSpent": Array [],
    },
    "componentWillUnmount": Object {
      "timeSpent": Array [],
    },
    "componentWillUpdate": Object {
      "timeSpent": Array [],
    },
    "mount": Object {
      "timeSpent": Array [
        4.045000000000016,
      ],
    },
    "render": Object {
      "timeSpent": Array [],
    },
    "shouldComponentUpdate": Object {
      "timeSpent": Array [],
    },
    "unmount": Object {
      "timeSpent": Array [],
    },
    "update": Object {
      "timeSpent": Array [],
    },
  },
  "Projects": Object {
    "componentDidMount": Object {
      "timeSpent": Array [
        0.07999999999998408,
      ],
    },
    "componentDidUpdate": Object {
      "timeSpent": Array [],
    },
    "componentWillMount": Object {
      "timeSpent": Array [
        1.8450000000000273,
      ],
    },
    "componentWillReceiveProps": Object {
      "timeSpent": Array [],
    },
    "componentWillUnmount": Object {
      "timeSpent": Array [],
    },
    "componentWillUpdate": Object {
      "timeSpent": Array [],
    },
    "mount": Object {
      "timeSpent": Array [
        9.435000000000002,
      ],
    },
    "render": Object {
      "timeSpent": Array [],
    },
    "shouldComponentUpdate": Object {
      "timeSpent": Array [],
    },
    "unmount": Object {
      "timeSpent": Array [],
    },
    "update": Object {
      "timeSpent": Array [
        3.025000000000034,
      ],
    },
  },
}
`;
