// Jest Snapshot v1, https://goo.gl/fbAQLP

exports[`Results component should output the calculated results 1`] = `
<div
  className="container result"
>
  <h1
    className="results"
  >
    Results
  </h1>
  <table>
    <tr>
      <td>
        Time taken by all the components
      </td>
      <td>
        <strong>
          124.45
           ms
        </strong>
      </td>
    </tr>
    <tr>
      <td>
        Committing changes took
      </td>
      <td>
        <strong>
          7.35
           ms
        </strong>
      </td>
    </tr>
    <tr>
      <td>
        Committing
         
        <strong>
           
          8
           
        </strong>
         host effects took
      </td>
      <td>
        <strong>
          1.23
           ms
        </strong>
      </td>
    </tr>
    <tr>
      <td>
        Calling
         
        <strong>
           
          7
           
        </strong>
         
        lifecycle methods took
      </td>
      <td>
        <strong>
          5.27
           ms
        </strong>
      </td>
    </tr>
    <tr>
      <td>
        Total time
      </td>
      <td>
         
        <strong>
          138.30
           
          ms
        </strong>
      </td>
    </tr>
  </table>
</div>
`;
