// Jest Snapshot v1, https://goo.gl/fbAQLP

exports[`Table component should output the calculated results in a table 1`] = `
<div
  className="component-progress-container"
>
  <h1
    className="overview"
  >
    Overview
  </h1>
  <ul
    className="ctime"
  >
    <li>
      <div
        style={
          Object {
            "cursor": "pointer",
            "margin": "0",
            "paddingLeft": "10",
            "paddingRight": "10",
            "paddingTop": "10",
            "textAlign": "center",
          }
        }
      >
        <a
          href="#App"
          style={
            Object {
              "color": "black",
              "textDecoration": "none",
            }
          }
        >
          <svg
            height="50"
            viewBox="0 0 50 50"
            width="50"
          >
            <circle
              className="circle-background"
              cx={25}
              cy={25}
              r={24}
              strokeWidth="2px"
            />
            <circle
              className="circle-progress"
              cx={25}
              cy={25}
              r={24}
              strokeWidth="2px"
              style={
                Object {
                  "strokeDasharray": 150.79644737231007,
                  "strokeDashoffset": 98.01769079200155,
                }
              }
              transform="rotate(-90 25 25)"
            />
            <text
              className="circle-text"
              dy=".3em"
              textAnchor="middle"
              x="50%"
              y="50%"
            >
              35 %
            </text>
          </svg>
          <p>
            App
             - 
            40.82
             ms
          </p>
        </a>
      </div>
    </li>
    <li>
      <div
        style={
          Object {
            "cursor": "pointer",
            "margin": "0",
            "paddingLeft": "10",
            "paddingRight": "10",
            "paddingTop": "10",
            "textAlign": "center",
          }
        }
      >
        <a
          href="#Main"
          style={
            Object {
              "color": "black",
              "textDecoration": "none",
            }
          }
        >
          <svg
            height="50"
            viewBox="0 0 50 50"
            width="50"
          >
            <circle
              className="circle-background"
              cx={25}
              cy={25}
              r={24}
              strokeWidth="2px"
            />
            <circle
              className="circle-progress"
              cx={25}
              cy={25}
              r={24}
              strokeWidth="2px"
              style={
                Object {
                  "strokeDasharray": 150.79644737231007,
                  "strokeDashoffset": 107.06547763434016,
                }
              }
              transform="rotate(-90 25 25)"
            />
            <text
              className="circle-text"
              dy=".3em"
              textAnchor="middle"
              x="50%"
              y="50%"
            >
              29 %
            </text>
          </svg>
          <p>
            Main
             - 
            33.04
             ms
          </p>
        </a>
      </div>
    </li>
    <li>
      <div
        style={
          Object {
            "cursor": "pointer",
            "margin": "0",
            "paddingLeft": "10",
            "paddingRight": "10",
            "paddingTop": "10",
            "textAlign": "center",
          }
        }
      >
        <a
          href="#Introduction"
          style={
            Object {
              "color": "black",
              "textDecoration": "none",
            }
          }
        >
          <svg
            height="50"
            viewBox="0 0 50 50"
            width="50"
          >
            <circle
              className="circle-background"
              cx={25}
              cy={25}
              r={24}
              strokeWidth="2px"
            />
            <circle
              className="circle-progress"
              cx={25}
              cy={25}
              r={24}
              strokeWidth="2px"
              style={
                Object {
                  "strokeDasharray": 150.79644737231007,
                  "strokeDashoffset": 129.68494474018667,
                }
              }
              transform="rotate(-90 25 25)"
            />
            <text
              className="circle-text"
              dy=".3em"
              textAnchor="middle"
              x="50%"
              y="50%"
            >
              14 %
            </text>
          </svg>
          <p>
            Introduction
             - 
            16.27
             ms
          </p>
        </a>
      </div>
    </li>
    <li>
      <div
        style={
          Object {
            "cursor": "pointer",
            "margin": "0",
            "paddingLeft": "10",
            "paddingRight": "10",
            "paddingTop": "10",
            "textAlign": "center",
          }
        }
      >
        <a
          href="#Projects"
          style={
            Object {
              "color": "black",
              "textDecoration": "none",
            }
          }
        >
          <svg
            height="50"
            viewBox="0 0 50 50"
            width="50"
          >
            <circle
              className="circle-background"
              cx={25}
              cy={25}
              r={24}
              strokeWidth="2px"
            />
            <circle
              className="circle-progress"
              cx={25}
              cy={25}
              r={24}
              strokeWidth="2px"
              style={
                Object {
                  "strokeDasharray": 150.79644737231007,
                  "strokeDashoffset": 131.19290921390976,
                }
              }
              transform="rotate(-90 25 25)"
            />
            <text
              className="circle-text"
              dy=".3em"
              textAnchor="middle"
              x="50%"
              y="50%"
            >
              13 %
            </text>
          </svg>
          <p>
            Projects
             - 
            14.4
             ms
          </p>
        </a>
      </div>
    </li>
    <li>
      <div
        style={
          Object {
            "cursor": "pointer",
            "margin": "0",
            "paddingLeft": "10",
            "paddingRight": "10",
            "paddingTop": "10",
            "textAlign": "center",
          }
        }
      >
        <a
          href="#Posts"
          style={
            Object {
              "color": "black",
              "textDecoration": "none",
            }
          }
        >
          <svg
            height="50"
            viewBox="0 0 50 50"
            width="50"
          >
            <circle
              className="circle-background"
              cx={25}
              cy={25}
              r={24}
              strokeWidth="2px"
            />
            <circle
              className="circle-progress"
              cx={25}
              cy={25}
              r={24}
              strokeWidth="2px"
              style={
                Object {
                  "strokeDasharray": 150.79644737231007,
                  "strokeDashoffset": 143.25662500369458,
                }
              }
              transform="rotate(-90 25 25)"
            />
            <text
              className="circle-text"
              dy=".3em"
              textAnchor="middle"
              x="50%"
              y="50%"
            >
              5 %
            </text>
          </svg>
          <p>
            Posts
             - 
            5.99
             ms
          </p>
        </a>
      </div>
    </li>
    <li>
      <div
        style={
          Object {
            "cursor": "pointer",
            "margin": "0",
            "paddingLeft": "10",
            "paddingRight": "10",
            "paddingTop": "10",
            "textAlign": "center",
          }
        }
      >
        <a
          href="#Message"
          style={
            Object {
              "color": "black",
              "textDecoration": "none",
            }
          }
        >
          <svg
            height="50"
            viewBox="0 0 50 50"
            width="50"
          >
            <circle
              className="circle-background"
              cx={25}
              cy={25}
              r={24}
              strokeWidth="2px"
            />
            <circle
              className="circle-progress"
              cx={25}
              cy={25}
              r={24}
              strokeWidth="2px"
              style={
                Object {
                  "strokeDasharray": 150.79644737231007,
                  "strokeDashoffset": 144.76458947741767,
                }
              }
              transform="rotate(-90 25 25)"
            />
            <text
              className="circle-text"
              dy=".3em"
              textAnchor="middle"
              x="50%"
              y="50%"
            >
              4 %
            </text>
          </svg>
          <p>
            Message
             - 
            4.63
             ms
          </p>
        </a>
      </div>
    </li>
  </ul>
</div>
`;
